{
  "version": "1.1-candidate",
  "valid": true,
  "lifecycleCeiling": "written_and_statically_validated",
  "errors": []
}
TAP version 13
# Subtest: candidate passes the complete structural contract
ok 1 - candidate passes the complete structural contract
  ---
  duration_ms: 1.304167
  ...
# Subtest: mutations deleting core safeguards are rejected
ok 2 - mutations deleting core safeguards are rejected
  ---
  duration_ms: 0.913036
  ...
# Subtest: the candidate cannot omit its authorization and evidence ceilings
ok 3 - the candidate cannot omit its authorization and evidence ceilings
  ---
  duration_ms: 0.131234
  ...
1..3
# tests 3
# suites 0
# pass 3
# fail 0
# cancelled 0
# skipped 0
# todo 0
# duration_ms 99.089067
{
  "id": "CCT-SKY-01",
  "valid": true,
  "status": "written_and_statically_validated",
  "errors": []
}
TAP version 13
# Subtest: the sky architecture preserves local continuity and remains only a written candidate
ok 1 - the sky architecture preserves local continuity and remains only a written candidate
  ---
  duration_ms: 1.305974
  ...
# Subtest: a mobile unit is rejected if it becomes a dependency or conditions survival
ok 2 - a mobile unit is rejected if it becomes a dependency or conditions survival
  ---
  duration_ms: 0.927806
  ...
# Subtest: the sky rejects a unit that bypasses local authority, discriminates, or claims deployment
ok 3 - the sky rejects a unit that bypasses local authority, discriminates, or claims deployment
  ---
  duration_ms: 0.293297
  ...
1..3
# tests 3
# suites 0
# pass 3
# fail 0
# cancelled 0
# skipped 0
# todo 0
# duration_ms 92.169019
{
  "id": "CCT-MIN-01-WATER-CONTINUITY",
  "valid": true,
  "status": "candidate_design_not_authorized",
  "errors": []
}
TAP version 13
# Subtest: the minimal water instrument is complete but not authorized
ok 1 - the minimal water instrument is complete but not authorized
  ---
  duration_ms: 1.232219
  ...
# Subtest: a claimed water-continuity pilot fails if it uses deprivation or hides its stop and repair duties
ok 2 - a claimed water-continuity pilot fails if it uses deprivation or hides its stop and repair duties
  ---
  duration_ms: 0.917338
  ...
# Subtest: a water design fails if it displaces local responsibility, weakens safety, or claims authorization
ok 3 - a water design fails if it displaces local responsibility, weakens safety, or claims authorization
  ---
  duration_ms: 0.244095
  ...
1..3
# tests 3
# suites 0
# pass 3
# fail 0
# cancelled 0
# skipped 0
# todo 0
# duration_ms 90.376207
{
  "id": "CCT-POL-1.1-PREADOPTION-001",
  "valid": true,
  "lifecycleCeiling": "written_and_statically_validated",
  "admissionStatus": "not_admissible",
  "errors": []
}
TAP version 13
# Subtest: the written gate is structurally complete but remains non-admissible
ok 1 - the written gate is structurally complete but remains non-admissible
  ---
  duration_ms: 1.144311
  ...
# Subtest: mutations cannot convert a draft gate into a self-authorized trial
ok 2 - mutations cannot convert a draft gate into a self-authorized trial
  ---
  duration_ms: 0.901719
  ...
1..2
# tests 2
# suites 0
# pass 2
# fail 0
# cancelled 0
# skipped 0
# todo 0
# duration_ms 91.452705
{
  "id": "CCT-RV-01",
  "valid": true,
  "status": "design_only_no_funds_no_legal_host",
  "errors": []
}
TAP version 13
# Subtest: the resource vehicle cannot call itself funded or operational
ok 1 - the resource vehicle cannot call itself funded or operational
  ---
  duration_ms: 1.320078
  ...
# Subtest: a vehicle fails if it converts a pledge into aid or makes recipients absorb its reporting
ok 2 - a vehicle fails if it converts a pledge into aid or makes recipients absorb its reporting
  ---
  duration_ms: 0.982443
  ...
# Subtest: a vehicle fails if it centralizes control, exposes people, or claims an effect before one exists
ok 3 - a vehicle fails if it centralizes control, exposes people, or claims an effect before one exists
  ---
  duration_ms: 0.203443
  ...
1..3
# tests 3
# suites 0
# pass 3
# fail 0
# cancelled 0
# skipped 0
# todo 0
# duration_ms 91.282164
{
  "id": "CCT-POL-1.1-ARENA-001",
  "valid": true,
  "lifecycleCeiling": "internal_development_only",
  "errors": []
}
TAP version 13
# {
#   "id": "CCT-POL-1.1-ARENA-001",
#   "valid": true,
#   "lifecycleCeiling": "internal_development_only",
#   "errors": []
# }
# Subtest: pre-registration is structurally admissible only as internal development
ok 1 - pre-registration is structurally admissible only as internal development
  ---
  duration_ms: 1.150881
  ...
# Subtest: mutations that fabricate a winner or remove a discriminating case are rejected
ok 2 - mutations that fabricate a winner or remove a discriminating case are rejected
  ---
  duration_ms: 1.082991
  ...
1..2
# tests 2
# suites 0
# pass 2
# fail 0
# cancelled 0
# skipped 0
# todo 0
# duration_ms 90.578028
{
  "id": "CCT-POL-1.1-ARENA-001-WORLDS",
  "valid": true,
  "lifecycleCeiling": "internal_development_only",
  "errors": []
}
TAP version 13
# {
#   "id": "CCT-POL-1.1-ARENA-001-WORLDS",
#   "valid": true,
#   "lifecycleCeiling": "internal_development_only",
#   "errors": []
# }
# Subtest: worlds are matched, bounded and predeclared
ok 1 - worlds are matched, bounded and predeclared
  ---
  duration_ms: 1.178775
  ...
# Subtest: removing a competitor plan or overspending is rejected
ok 2 - removing a competitor plan or overspending is rejected
  ---
  duration_ms: 1.33556
  ...
# Subtest: internal execution produces vectors, not a global winner
ok 3 - internal execution produces vectors, not a global winner
  ---
  duration_ms: 0.433178
  ...
1..3
# tests 3
# suites 0
# pass 3
# fail 0
# cancelled 0
# skipped 0
# todo 0
# duration_ms 90.937898
TAP version 13
# Subtest: an external submission is admissible only when its comparison inputs are inspectable
ok 1 - an external submission is admissible only when its comparison inputs are inspectable
  ---
  duration_ms: 2.3753
  ...
# Subtest: a narrative placeholder, unfair budget, or missing provenance is rejected
ok 2 - a narrative placeholder, unfair budget, or missing provenance is rejected
  ---
  duration_ms: 0.217415
  ...
1..2
# tests 2
# suites 0
# pass 2
# fail 0
# cancelled 0
# skipped 0
# todo 0
# duration_ms 90.785933
CCT-POL 1.1 local contracts and adversarial arena verification passed.
