TAP version 13
# Subtest: H1: index présent, octets absents : PASS sans lecture
ok 1 - H1: index présent, octets absents : PASS sans lecture
  ---
  duration_ms: 1.073888
  ...
# Subtest: H2: octets présents, décodeur absent : PASS
ok 2 - H2: octets présents, décodeur absent : PASS
  ---
  duration_ms: 0.113076
  ...
# Subtest: H3: paquet réduit sans incertitude ni observations : PASS
ok 3 - H3: paquet réduit sans incertitude ni observations : PASS
  ---
  duration_ms: 0.110202
  ...
# Subtest: H4: changement de seuil possible à partir de la valeur gardée
ok 4 - H4: changement de seuil possible à partir de la valeur gardée
  ---
  duration_ms: 0.090818
  ...
# Subtest: H5: une moyenne identique ne permet pas de reconstruire le maximum
ok 5 - H5: une moyenne identique ne permet pas de reconstruire le maximum
  ---
  duration_ms: 0.117014
  ...
# Subtest: H6: désaccord des observateurs absent du résultat conservé
ok 6 - H6: désaccord des observateurs absent du résultat conservé
  ---
  duration_ms: 0.079291
  ...
# Subtest: H7: source perdue après promotion : ancien PASS inchangé
ok 7 - H7: source perdue après promotion : ancien PASS inchangé
  ---
  duration_ms: 0.665418
  ...
# Subtest: H8: irréversibilité bornée sans provenance : rejet inconditionnel
ok 8 - H8: irréversibilité bornée sans provenance : rejet inconditionnel
  ---
  duration_ms: 0.12554
  ...
# Subtest: A1: hash ne correspondant pas aux octets : PASS
ok 9 - A1: hash ne correspondant pas aux octets : PASS
  ---
  duration_ms: 0.172148
  ...
# Subtest: A2: verdict falsifié après calcul FAIL : promu PASS
ok 10 - A2: verdict falsifié après calcul FAIL : promu PASS
  ---
  duration_ms: 0.146264
  ...
# Subtest: A3: valeur fournie contradictoire avec le paquet : PASS
ok 11 - A3: valeur fournie contradictoire avec le paquet : PASS
  ---
  duration_ms: 0.103688
  ...
# Subtest: A4: entrée NaN invalide : PASS
ok 12 - A4: entrée NaN invalide : PASS
  ---
  duration_ms: 0.082793
  ...
# Subtest: A4: entrée null invalide : PASS
ok 13 - A4: entrée null invalide : PASS
  ---
  duration_ms: 0.043733
  ...
# Subtest: A4: entrée texte invalide : PASS
ok 14 - A4: entrée texte invalide : PASS
  ---
  duration_ms: 0.038069
  ...
# Subtest: A4: entrée seuil absent invalide : PASS
ok 15 - A4: entrée seuil absent invalide : PASS
  ---
  duration_ms: 0.045242
  ...
# Subtest: A5: suppression du bloc de réversibilité contourne le résolveur
ok 16 - A5: suppression du bloc de réversibilité contourne le résolveur
  ---
  duration_ms: 0.071971
  ...
# Subtest: A6: résolveur asynchrone retournant false accepté comme vrai
ok 17 - A6: résolveur asynchrone retournant false accepté comme vrai
  ---
  duration_ms: 0.141025
  ...
# Subtest: A7: exception du résolveur non convertie en statut
ok 18 - A7: exception du résolveur non convertie en statut
  ---
  duration_ms: 0.387189
  ...
# Subtest: adjudication preserves source material and records its compression
ok 19 - adjudication preserves source material and records its compression
  ---
  duration_ms: 2.526783
  ...
# Subtest: the same preserved packet can be replayed under another threshold
ok 20 - the same preserved packet can be replayed under another threshold
  ---
  duration_ms: 0.116911
  ...
# Subtest: dead provenance invalidates an otherwise successful verdict
ok 21 - dead provenance invalidates an otherwise successful verdict
  ---
  duration_ms: 0.187528
  ...
# Subtest: declared resolvability without a resolver is itself an invalid epistemic state
ok 22 - declared resolvability without a resolver is itself an invalid epistemic state
  ---
  duration_ms: 0.093908
  ...
# Subtest: resolvable material allows audited promotion
ok 23 - resolvable material allows audited promotion
  ---
  duration_ms: 0.112177
  ...
# Subtest: removing provenance is rejected rather than silently treated as evidence
ok 24 - removing provenance is rejected rather than silently treated as evidence
  ---
  duration_ms: 0.17555
  ...
1..24
# tests 24
# suites 0
# pass 24
# fail 0
# cancelled 0
# skipped 0
# todo 0
# duration_ms 102.201758
